[  0%] Built target ncnn-generate-spirv
[  0%] Built target NCNNPassesIncGen
[  0%] Built target NCNNOpsIncGen
[  0%] Built target mkalias
[  2%] Built target common
[  2%] Built target mkrename
[  2%] Built target NCNNPrecisionSupport
[  2%] Built target mkdisp
[  2%] Built target NCNNTargetVectorInfoSupport
[  2%] Built target VerifyNoNestedOpenMP
[  2%] Built target NCNNConstantFoldSupport
[  2%] Built target FoldLinalgConstantTranspose
[  2%] Built target FuseLinalgEpilogue
[  2%] Built target NCNNGraph
[  2%] Built target BufferizeNCNN
[  2%] Built target EmitModelPlan
[  2%] Built target ForallizeDisjointTileLoops
[  2%] Built target LowerVectorMathNCNN
[  3%] Built target FuseQuantChainNCNN
[  3%] Built target MatmulKernelNCNN
[  3%] Built target InstrumentNCNNProfile
[  3%] Built target StrategyNCNN
[  3%] Built target VerifyBufferizedModel
[  3%] Built target ReuseWorkspaceSlots
[  4%] Built target RewriteLinalgCopies
[  4%] Built target renameAVX512FNOFMA.h_generated
[  5%] Built target VerifyNoNCNNOps
[  5%] Built target alias_avx512f.h_generated
[  5%] Built target VerifyModelShapeContracts
[  7%] Built target headers
[  7%] Built target VerifyNoTosaOps
[  7%] Built target VerifyNoSCFForall
[  7%] Built target VectorizeNCNN
[  7%] Built target TileMatmulForall
[  7%] Built target renameAVX2.h_generated
[  7%] Built target renameAVX2128.h_generated
[  7%] Built target renameAVX.h_generated
[  7%] Built target renameFMA4.h_generated
[  7%] Built target renameAVX512F.h_generated
[  7%] Built target renameSSE4.h_generated
[  7%] Built target renamedspscalar.h_generated
[  7%] Built target renameSSE2.h_generated
[  7%] Built target dispscalar.c_generated
[  7%] Built target renamePURECFMA_SCALAR.h_generated
[  7%] Built target renamePUREC_SCALAR.h_generated
[  8%] Built target dispavx.c_generated
[  9%] Built target renamedsp256.h_generated
[  9%] Built target renamedsp128.h_generated
[  9%] Built target dispsse.c_generated
[  9%] Built target sleefavx512fnofma
[  9%] Built target sleefavx2
[ 10%] Built target sleefdetavx2
[ 10%] Built target sleefdetavx512fnofma
[ 12%] Built target sleefavx2128
[ 12%] Built target NCNNDialect
[ 13%] Built target sleeffma4
[ 13%] Built target sleefdetavx2128
[ 13%] Built target sleefavx
[ 14%] Built target sleefdetfma4
[ 14%] Built target sleefsse2
[ 14%] Built target sleefdetsse4
[ 15%] Built target sleefsse4
[ 15%] Built target sleefdetavx
[ 15%] Built target sleefdetpurec_scalar
[ 15%] Built target sleefpurec_scalar
[ 15%] Built target sleefdetsse2
[ 15%] Built target sleefpurecfma_scalar
[ 15%] Built target sleefdetpurecfma_scalar
[ 15%] Built target dispscalar_obj
[ 16%] Built target dispavx_obj
[ 16%] Built target dispsse_obj
[ 16%] Built target NCNNToFunc
[ 16%] Built target NCNNToTosa
[ 16%] Built target sleefdetavx512f
[ 16%] Built target NormalizeNCNN
[ 16%] Built target GenerateCAPI
[ 16%] Built target sleefavx512f
[ 16%] Built target FoldNCNNBatchNorm
[ 17%] Built target NCNNImporter
[ 17%] Built target sleef
[ 17%] Built target NCNNPipelines
[ 17%] Built target ncnn-mlir-driver
[ 17%] Built target ncnn-compile
[ 18%] Built target ncnn-mlir-opt
[ 18%] Built target compile_convolution_int8_term1
[ 18%] Built target compile_resnet34
[ 18%] Built target compile_sigmoid_vector_fixed
[ 19%] Built target compile_resnet101
[ 19%] Built target compile_resnet50
[ 19%] Built target compile_resnet18_winograd
[ 19%] Built target compile_yolov5n_cls
[ 20%] Built target compile_yolov5s_cls
[ 20%] Built target compile_sigmoid_vector_lmv
[ 20%] Built target compile_resnet18
[ 20%] Built target compile_sigmoid_vector_sleef
[ 20%] Built target compile_yolov5l_cls
[ 21%] Built target compile_yolov5m_cls
[ 21%] Built target compile_yolov5n
[ 21%] Built target compile_yolov5x_cls
[ 21%] Built target compile_yolov5s
[ 21%] Built target compile_yolov5n_seg
[ 21%] Built target compile_yolov5m_seg
[ 21%] Built target compile_yolov5m
[ 21%] Built target compile_yolov5l
[ 21%] Built target compile_yolov5s_seg
[ 21%] Built target compile_yolov5x
[ 21%] Built target compile_efficientnet_b0
[ 21%] Built target compile_yolov5l_seg
[ 21%] Built target compile_efficientnet_b1
[ 21%] Built target compile_pp_lcnet_x1_0_doc_ori_int8
[ 21%] Built target compile_efficientnet_b3
[ 21%] Built target compile_efficientnet_b2
[ 21%] Built target compile_yolov5x_seg
[ 21%] Built target compile_pp_lcnet_x1_0_textline_ori_int8
[ 21%] Built target compile_convolution_int8_term2
[ 21%] Built target compile_convolution_int8_term101
[ 21%] Built target compile_convolution_int8_term102
[ 21%] Built target compile_depthwise_int8_term1
[ 22%] Built target compile_depthwise_int8_term2
[ 22%] Built target compile_depthwise_int8_term101
[ 22%] Built target compile_depthwise_int8_term102
[ 22%] Built target compile_inner_product_int8_term1
[ 22%] Built target compile_inner_product_int8_term2
[ 22%] Built target compile_gemm_int8_term2
[ 22%] Built target compile_int8_complete_chain
[ 22%] Built target compile_convolution_scalar
[ 22%] Built target compile_convolution_vector_fixed
[ 22%] Built target compile_convolution_winograd
[ 22%] Built target compile_convolution_no_bias
[ 22%] Built target compile_convolution_dilated
[ 22%] Built target compile_convolution_asymmetric
[ 22%] Built target compile_convolution_asymmetric_stride
[ 85%] Built target ncnn
[ 85%] Built target compile_convolution_same_upper
[ 85%] Built target numerical_test_support
[ 85%] Built target compile_convolution_same_lower
[ 85%] Built target compile_convolution_fp16_storage
[ 85%] Built target compile_convolution_depthwise
[ 85%] Built target compile_convolution_depthwise_fp16_storage
[ 85%] Built target compile_convolution_depthwise_7x7
[ 85%] Built target compile_convolution_depthwise_9x9
[ 86%] Built target compile_convolution_depthwise_asymmetric
[ 86%] Built target compile_convolution_depthwise_same_upper
[ 86%] Built target compile_convolution_depthwise_same_lower
[ 86%] Built target compile_hard_sigmoid
[ 86%] Built target compile_hard_swish
[ 87%] Built target compile_gelu
[ 87%] Built target compile_reshape
[ 87%] Built target compile_reshape_copy_dimension
[ 87%] Built target compile_squeeze
[ 87%] Built target compile_batch_norm
[ 87%] Built target compile_expand_dims
[ 87%] Built target compile_permute
[ 87%] Built target compile_gemm
[ 87%] Built target compile_binary_mul_scalar
[ 87%] Built target compile_binary_mul_channel
[ 87%] Built target compile_binary_mul_reverse_broadcast
[ 87%] Built target compile_binary_add
[ 87%] Built target compile_inner_product
[ 87%] Built target compile_inner_product_fused_relu
[ 87%] Built target compile_shuffle_channel
[ 87%] Built target compile_shuffle_channel_reverse
[ 87%] Built target compile_slice
[ 87%] Built target compile_reduction_mean
[ 87%] Built target compile_reduction_mean_keepdims_coeff
[ 87%] Built target compile_relu_scalar
[ 87%] Built target compile_relu_leaky
[ 87%] Built target compile_pooling_scalar
[ 87%] Built target compile_pooling_average
[ 87%] Built target compile_pooling_asymmetric
[ 87%] Built target compile_pooling_global_max
[ 88%] Built target compile_pooling_global_average
[ 88%] Built target compile_pooling_global_max_ignored_params
[ 88%] Built target compile_pooling_global_average_ignored_params
[ 88%] Built target compile_pooling_same_upper
[ 88%] Built target compile_pooling_same_lower
[ 88%] Built target compile_pooling_tail
[ 88%] Built target compile_split_scalar
[ 88%] Built target compile_split_three
[ 88%] Built target compile_concat_scalar
[ 88%] Built target compile_concat_height
[ 88%] Built target compile_concat_width
[ 88%] Built target compile_concat_negative_channel
[ 89%] Built target compile_concat_negative_height
[ 89%] Built target compile_concat_negative_width
[ 89%] Built target compile_dropout_scalar
[ 89%] Built target compile_softmax_scalar
[ 89%] Built target compile_softmax_channel
[ 89%] Built target compile_softmax_height
[ 89%] Built target compile_softmax_width
[ 89%] Built target compile_softmax_negative_channel
[ 89%] Built target compile_softmax_negative_height
[ 90%] Built target compile_softmax_negative_width
[ 90%] Built target compile_padding
[ 90%] Built target compile_padding_four_sides
[ 90%] Built target compile_padding_identity
[ 90%] Built target compile_interp
[ 90%] Built target compile_interp_asymmetric
[ 91%] Built target compile_interp_explicit_target
[ 91%] Built target compile_interp_identity
[ 91%] Built target compile_interp_eightfold
[ 91%] Built target compile_deconvolution
[ 91%] Built target compile_deconvolution_no_bias
[ 91%] Built target compile_deconvolution_tiny_head
[ 91%] Built target compile_sigmoid
[ 91%] Built target compile_relu_dynamic
[ 91%] Built target compile_squeezenet_v1_1
[ 91%] Built target compile_pp_lcnet_x1_0_doc_ori
[ 91%] Built target compile_sigmoid_dynamic
[ 91%] Built target compile_padding_dynamic
[ 91%] Built target compile_pp_lcnet_x1_0_doc_ori_dynamic
[ 91%] Built target compile_pp_lcnet_x1_0_textline_ori
[ 91%] Built target compile_interp_dynamic
[ 91%] Built target compile_pp_lcnet_x1_0_textline_ori_dynamic
[ 91%] Built target compile_hard_sigmoid_dynamic
[ 91%] Built target compile_chineseocr_lite_anglenet
[ 92%] Built target compile_hard_swish_dynamic
[ 92%] Built target compile_chineseocr_lite_anglenet_dynamic
[ 92%] Built target compile_gelu_dynamic
[ 92%] Built target compile_dropout_dynamic
[ 92%] Built target compile_pp_ocrv6_tiny_rec
[ 92%] Built target compile_softmax_dynamic
[ 92%] Built target compile_pp_ocrv6_tiny_rec_dynamic
[ 92%] Built target compile_batch_norm_dynamic
[ 92%] Built target compile_pp_ocrv6_tiny_rec_int8
[ 92%] Built target compile_pp_ocrv6_tiny_rec_int8_dynamic
[ 92%] Built target compile_shuffle_channel_dynamic
[ 92%] Built target compile_pp_ocrv5_mobile_rec
[ 92%] Built target compile_squeeze_dynamic
[ 92%] Built target compile_permute_dynamic
[ 92%] Built target compile_pp_ocrv5_mobile_rec_dynamic
[ 92%] Built target compile_expand_dims_dynamic
[ 92%] Built target compile_pp_ocrv5_mobile_rec_int8
[ 92%] Built target compile_reduction_dynamic
[ 92%] Built target compile_pp_ocrv5_mobile_rec_int8_dynamic
[ 92%] Built target compile_pp_ocrv6_tiny_det
[ 92%] Built target compile_reduction_dynamic_mean
[ 92%] Built target compile_pp_ocrv6_tiny_det_dynamic
[ 92%] Built target compile_gemm_dynamic
[ 92%] Built target compile_pp_ocrv6_tiny_det_int8
[ 92%] Built target compile_slice_dynamic
[ 92%] Built target compile_pooling_padded_max_dynamic
[ 92%] Built target compile_pp_ocrv6_tiny_det_int8_dynamic
[ 92%] Built target compile_pooling_padded_average_dynamic
[ 92%] Built target compile_pp_ocrv6_small_det
[ 92%] Built target compile_pooling_padded_average_include_dynamic
[ 92%] Built target compile_pp_ocrv6_small_det_dynamic
[ 92%] Built target compile_pp_ocrv6_small_det_int8
[ 92%] Built target compile_pooling_global_max_dynamic
[ 92%] Built target compile_pp_ocrv6_small_det_int8_dynamic
[ 92%] Built target compile_pooling_global_average_dynamic
[ 93%] Built target compile_pp_ocrv6_medium_det
[ 93%] Built target compile_pooling_adaptive_max_dynamic
[ 93%] Built target compile_pp_ocrv6_medium_det_dynamic
[ 93%] Built target compile_pooling_adaptive_average_dynamic
[ 93%] Built target compile_pp_ocrv5_mobile_det_static
[ 93%] Built target compile_pp_ocrv6_medium_det_int8
[ 93%] Built target compile_reshape_spec_dynamic
[ 93%] Built target compile_pp_ocrv5_mobile_det_dynamic
[ 93%] Built target compile_slice_ordered_dynamic
[ 93%] Built target compile_pp_ocrv5_mobile_det_int8
[ 93%] Built target compile_inner_product_dynamic_m
[ 93%] Built target compile_pp_ocrv5_mobile_det_int8_dynamic
[ 93%] Built target compile_sigmoid_mixed_fp16
[ 93%] Built target compile_pp_ocrv5_server_det_static
[ 93%] Built target compile_sigmoid_mixed_bf16
[ 93%] Built target compile_pp_ocrv5_server_det_dynamic
[ 93%] Built target compile_hard_sigmoid_mixed_fp16
[ 93%] Built target compile_pp_structrurev2_slanet_plus_cnn
[ 93%] Built target compile_hard_sigmoid_mixed_bf16
[ 93%] Built target compile_pp_structrurev2_slanet_plus_slahead
[ 93%] Built target compile_hard_swish_mixed_fp16
[ 93%] Built target compile_pp_formulanet_plus_s_encoder
[ 93%] Built target compile_hard_swish_mixed_bf16
[ 93%] Built target compile_pp_formulanet_plus_s_embed
[ 93%] Built target compile_gelu_mixed_fp16
[ 94%] Built target compile_pp_formulanet_plus_s_decoder
[ 94%] Built target compile_gelu_mixed_bf16
[ 94%] Built target compile_pp_ocrv5_server_rec
[ 94%] Built target compile_softmax_mixed_fp16
[ 94%] Built target compile_pp_ocrv5_server_rec_dynamic
[ 94%] Built target compile_softmax_mixed_bf16
[ 94%] Built target compile_pp_ocrv6_medium_rec
[ 94%] Built target compile_batch_norm_mixed_fp16
[ 94%] Built target compile_pp_ocrv6_medium_rec_dynamic
[ 94%] Built target compile_batch_norm_mixed_bf16
[ 95%] Built target compile_convolution_mixed_fp16
[ 95%] Built target compile_pp_ocrv6_small_rec
[ 95%] Built target compile_unary_square
[ 95%] Built target compile_convolution_arithmetic_fp16
[ 96%] Built target compile_pp_ocrv6_small_rec_dynamic
[ 96%] Built target compile_permute_rank4
[ 96%] Built target compile_convolution_codegen_fp16
[ 96%] Built target compile_pp_ocrv6_small_rec_int8
[ 96%] Built target compile_slice_rank4
[ 96%] Built target compile_convolution_mixed_bf16
[ 96%] Built target compile_pp_ocrv6_small_rec_int8_dynamic
[ 96%] Built target compile_concat_rank4
[ 96%] Built target compile_pp_ocrv6_medium_rec_int8
[ 96%] Built target compile_convolution_depthwise_mixed_fp16
[ 96%] Built target compile_eltwise_weighted
[ 96%] Built target compile_convolution_depthwise_arithmetic_fp16
[ 96%] Built target compile_detection_output_mixed_fp16
[ 96%] Built target compile_convolution_depthwise_mixed_bf16
[ 96%] Built target compile_detection_output_mixed_bf16
[ 96%] Built target compile_pp_ocrv6_tiny_det_fp16
[ 96%] Built target compile_detection_output
[ 97%] Built target compile_pp_structrurev2_slanet_plus_cnn_fp16
[ 97%] Built target compile_pp_formulanet_plus_s_encoder_fp16
[100%] Built target numerical_tests
[  0%] Built target ncnn-generate-spirv
[  0%] Built target mkdisp
[  0%] Built target NCNNConstantFoldSupport
[  0%] Built target NCNNTargetVectorInfoSupport
[  0%] Built target mkalias
[  0%] Built target NCNNGraph
[  1%] Built target mkrename
[  1%] Built target NCNNPrecisionSupport
[  2%] Built target common
[  2%] Built target NCNNPassesIncGen
[  3%] Built target dispavx.c_generated
[  3%] Built target alias_avx512f.h_generated
[  3%] Built target renameAVX512FNOFMA.h_generated
[  3%] Built target renameAVX512F.h_generated
[  3%] Built target dispsse.c_generated
[  3%] Built target renameAVX2128.h_generated
[  3%] Built target renameFMA4.h_generated
[  3%] Built target renameAVX.h_generated
[  3%] Built target dispscalar.c_generated
[  5%] Built target headers
[  5%] Built target renameAVX2.h_generated
[  5%] Built target renameSSE4.h_generated
[  5%] Built target renameSSE2.h_generated
[  5%] Built target renamePUREC_SCALAR.h_generated
[  5%] Built target renamePURECFMA_SCALAR.h_generated
[  5%] Built target renamedsp256.h_generated
[  5%] Built target renamedspscalar.h_generated
[  6%] Built target renamedsp128.h_generated
[  6%] Built target VerifyNoNestedOpenMP
[  6%] Built target FuseLinalgEpilogue
[  6%] Built target NCNNOpsIncGen
[  8%] Built target FuseQuantChainNCNN
[  8%] Built target InstrumentNCNNProfile
[  8%] Built target LowerVectorMathNCNN
[  8%] Built target FoldLinalgConstantTranspose
[  8%] Built target BufferizeNCNN
[  8%] Built target ForallizeDisjointTileLoops
[  8%] Built target EmitModelPlan
[  8%] Built target MatmulKernelNCNN
[  9%] Built target RewriteLinalgCopies
[  9%] Built target StrategyNCNN
[  9%] Built target VerifyBufferizedModel
[ 10%] Built target VerifyNoNCNNOps
[ 10%] Built target ReuseWorkspaceSlots
[ 10%] Built target sleefavx512fnofma
[ 10%] Built target VectorizeNCNN
[ 10%] Built target VerifyModelShapeContracts
[ 10%] Built target VerifyNoTosaOps
[ 10%] Built target TileMatmulForall
[ 10%] Built target VerifyNoSCFForall
[ 10%] Built target sleefdetavx512fnofma
[ 10%] Built target sleefavx512f
[ 10%] Built target sleefdetavx512f
[ 10%] Built target sleefavx2
[ 11%] Built target sleefdetavx2
[ 12%] Built target sleefavx2128
[ 12%] Built target sleefdetavx
[ 12%] Built target sleefavx
[ 13%] Built target sleefdetfma4
[ 12%] Built target sleefsse2
[ 13%] Built target sleefdetpurec_scalar
[ 13%] Built target sleefpurecfma_scalar
[ 15%] Built target sleeffma4
[ 15%] Built target sleefpurec_scalar
[ 15%] Built target sleefdetpurecfma_scalar
[ 16%] Built target sleefsse4
[ 16%] Built target sleefdetsse2
[ 16%] Built target sleefdetavx2128
[ 16%] Built target sleefdetsse4
[ 17%] Built target dispsse_obj
[ 17%] Built target dispscalar_obj
[ 17%] Built target dispavx_obj
[ 18%] Built target NCNNDialect
[ 18%] Built target sleef
[ 18%] Built target NormalizeNCNN
[ 18%] Built target NCNNToTosa
[ 19%] Built target NCNNImporter
[ 19%] Built target FoldNCNNBatchNorm
[ 19%] Built target NCNNToFunc
[ 19%] Built target GenerateCAPI
[ 19%] Built target ncnn-compile
[ 19%] Built target ncnn-mlir-driver
[ 19%] Built target NCNNPipelines
[ 63%] Built target ncnn-mlir-opt
[ 90%] Built target ncnn
[ 90%] Built target compile_convolution_int8_term1
[ 90%] Built target numerical_test_support
[ 90%] Built target compile_convolution_int8_term2
[ 90%] Built target compile_convolution_int8_term101
[ 90%] Built target compile_convolution_int8_term102
[ 90%] Built target compile_depthwise_int8_term1
[ 91%] Built target compile_depthwise_int8_term2
[ 91%] Built target compile_depthwise_int8_term101
[ 91%] Built target compile_depthwise_int8_term102
[ 91%] Built target compile_inner_product_int8_term1
[ 91%] Built target compile_inner_product_int8_term2
[ 91%] Built target compile_gemm_int8_term2
[ 91%] Built target compile_int8_complete_chain
[ 91%] Built target compile_convolution_scalar
[ 91%] Built target compile_convolution_vector_fixed
[ 91%] Built target compile_convolution_winograd
[ 91%] Built target compile_convolution_no_bias
[ 91%] Built target compile_convolution_dilated
[ 91%] Built target compile_convolution_asymmetric
[ 91%] Built target compile_convolution_asymmetric_stride
[ 91%] Built target compile_convolution_same_upper
[ 91%] Built target compile_convolution_same_lower
[ 91%] Built target compile_convolution_fp16_storage
[ 91%] Built target compile_convolution_depthwise
[ 91%] Built target compile_convolution_depthwise_fp16_storage
[ 91%] Built target compile_convolution_depthwise_7x7
[ 91%] Built target compile_convolution_depthwise_9x9
[ 93%] Built target compile_convolution_depthwise_asymmetric
[ 93%] Built target compile_convolution_depthwise_same_upper
[ 93%] Built target compile_convolution_depthwise_same_lower
[ 93%] Built target compile_hard_sigmoid
[ 93%] Built target compile_hard_swish
[ 94%] Built target compile_gelu
[ 94%] Built target compile_reshape
[ 94%] Built target compile_reshape_copy_dimension
[ 94%] Built target compile_squeeze
[ 94%] Built target compile_batch_norm
[ 94%] Built target compile_expand_dims
[ 94%] Built target compile_permute
[ 94%] Built target compile_gemm
[ 94%] Built target compile_binary_mul_scalar
[ 94%] Built target compile_binary_mul_channel
[ 94%] Built target compile_binary_mul_reverse_broadcast
[ 94%] Built target compile_binary_add
[ 94%] Built target compile_inner_product
[ 94%] Built target compile_inner_product_fused_relu
[ 94%] Built target compile_shuffle_channel
[ 94%] Built target compile_shuffle_channel_reverse
[ 94%] Built target compile_slice
[ 94%] Built target compile_reduction_mean
[ 94%] Built target compile_reduction_mean_keepdims_coeff
[ 94%] Built target compile_relu_scalar
[ 94%] Built target compile_relu_leaky
[ 94%] Built target compile_pooling_scalar
[ 94%] Built target compile_pooling_average
[ 94%] Built target compile_pooling_asymmetric
[ 94%] Built target compile_pooling_global_max
[ 95%] Built target compile_pooling_global_average
[ 95%] Built target compile_pooling_global_max_ignored_params
[ 95%] Built target compile_pooling_global_average_ignored_params
[ 95%] Built target compile_pooling_same_upper
[ 95%] Built target compile_pooling_same_lower
[ 95%] Built target compile_pooling_tail
[ 95%] Built target compile_split_scalar
[ 95%] Built target compile_split_three
[ 95%] Built target compile_concat_scalar
[ 95%] Built target compile_concat_height
[ 95%] Built target compile_concat_width
[ 95%] Built target compile_concat_negative_channel
[ 96%] Built target compile_concat_negative_height
[ 96%] Built target compile_concat_negative_width
[ 96%] Built target compile_dropout_scalar
[ 96%] Built target compile_softmax_scalar
[ 96%] Built target compile_softmax_channel
[ 96%] Built target compile_softmax_height
[ 96%] Built target compile_softmax_width
[ 96%] Built target compile_softmax_negative_channel
[ 96%] Built target compile_softmax_negative_height
[ 97%] Built target compile_softmax_negative_width
[ 97%] Built target compile_padding
[ 97%] Built target compile_padding_four_sides
[ 97%] Built target compile_padding_identity
[ 97%] Built target compile_interp
[ 97%] Built target compile_interp_asymmetric
[ 98%] Built target compile_interp_explicit_target
[ 98%] Built target compile_interp_identity
[ 98%] Built target compile_interp_eightfold
[ 98%] Built target compile_deconvolution
[ 98%] Built target compile_deconvolution_no_bias
[ 98%] Built target compile_deconvolution_tiny_head
[ 98%] Built target compile_sigmoid
[ 98%] Built target compile_relu_dynamic
[ 98%] Built target compile_sigmoid_dynamic
[ 98%] Built target compile_padding_dynamic
[ 98%] Built target compile_interp_dynamic
[ 98%] Built target compile_hard_sigmoid_dynamic
[100%] Built target compile_hard_swish_dynamic
[100%] Built target compile_gelu_dynamic
[100%] Built target compile_dropout_dynamic
[100%] Built target compile_softmax_dynamic
[100%] Built target compile_batch_norm_dynamic
[100%] Built target compile_shuffle_channel_dynamic
[100%] Built target compile_squeeze_dynamic
[100%] Built target compile_permute_dynamic
[100%] Built target compile_expand_dims_dynamic
[100%] Built target compile_reduction_dynamic
[100%] Built target compile_reduction_dynamic_mean
[100%] Built target compile_gemm_dynamic
[100%] Built target compile_slice_dynamic
[100%] Built target compile_pooling_padded_max_dynamic
[100%] Built target compile_pooling_padded_average_dynamic
[100%] Built target compile_pooling_padded_average_include_dynamic
[100%] Built target compile_pooling_global_max_dynamic
[100%] Built target compile_pooling_global_average_dynamic
[100%] Built target compile_pooling_adaptive_max_dynamic
[100%] Built target compile_pooling_adaptive_average_dynamic
[100%] Built target compile_reshape_spec_dynamic
[100%] Built target compile_slice_ordered_dynamic
[100%] Built target compile_inner_product_dynamic_m
[100%] Built target numerical_dynamic_operator_tests
[  0%] Built target mkalias
[  1%] Built target mkrename
[  1%] Built target mkdisp
[  2%] Built target common
[  2%] Built target ncnn-generate-spirv
[  2%] Built target NCNNTargetVectorInfoSupport
[  2%] Built target NCNNConstantFoldSupport
[  2%] Built target NCNNPrecisionSupport
[  2%] Built target NCNNPassesIncGen
[  2%] Built target NCNNGraph
[  2%] Built target renameAVX512F.h_generated
[  2%] Built target renameFMA4.h_generated
[  2%] Built target renameAVX.h_generated
[  2%] Built target renameSSE2.h_generated
[  2%] Built target renameAVX2.h_generated
[  2%] Built target renameAVX2128.h_generated
[  2%] Built target alias_avx512f.h_generated
[  2%] Built target renamePURECFMA_SCALAR.h_generated
[  2%] Built target renamedspscalar.h_generated
[  2%] Built target renamePUREC_SCALAR.h_generated
[  2%] Built target renameSSE4.h_generated
[  2%] Built target dispscalar.c_generated
[  2%] Built target renamedsp256.h_generated
[  2%] Built target dispsse.c_generated
[  3%] Built target dispavx.c_generated
[  4%] Built target renamedsp128.h_generated
[  5%] Built target FuseQuantChainNCNN
[  5%] Built target FuseLinalgEpilogue
[  5%] Built target VerifyNoNestedOpenMP
[  5%] Built target EmitModelPlan
[  5%] Built target FoldLinalgConstantTranspose
[  5%] Built target NCNNOpsIncGen
[  5%] Built target InstrumentNCNNProfile
[  5%] Built target BufferizeNCNN
[  5%] Built target ForallizeDisjointTileLoops
[  5%] Built target MatmulKernelNCNN
[  5%] Built target LowerVectorMathNCNN
[  6%] Built target RewriteLinalgCopies
[  6%] Built target VerifyBufferizedModel
[  6%] Built target VerifyModelShapeContracts
[  6%] Built target StrategyNCNN
[  6%] Built target ReuseWorkspaceSlots
[  8%] Built target headers
[  8%] Built target TileMatmulForall
[ 10%] Built target VerifyNoNCNNOps
[  8%] Built target VectorizeNCNN
[ 10%] Built target renameAVX512FNOFMA.h_generated
[ 10%] Built target sleefavx512f
[ 11%] Built target sleefdetavx2
[ 11%] Built target VerifyNoSCFForall
[ 12%] Built target sleefavx2128
[ 12%] Built target sleefdetavx512f
[ 12%] Built target VerifyNoTosaOps
[ 12%] Built target sleefdetavx2128
[ 12%] Built target sleefavx2
[ 14%] Built target sleefdetfma4
[ 13%] Built target sleeffma4
[ 14%] Built target sleefavx
[ 14%] Built target sleefsse2
[ 14%] Built target sleefdetavx
[ 15%] Built target sleefsse4
[ 15%] Built target sleefdetpurecfma_scalar
[ 15%] Built target sleefpurecfma_scalar
[ 15%] Built target sleefdetpurec_scalar
[ 15%] Built target sleefdetsse4
[ 15%] Built target sleefpurec_scalar
[ 16%] Built target dispsse_obj
[ 16%] Built target sleefdetsse2
[ 16%] Built target dispavx_obj
[ 16%] Built target dispscalar_obj
[ 17%] Built target NCNNDialect
[ 17%] Built target sleefdetavx512fnofma
[ 17%] Built target sleefavx512fnofma
[ 17%] Built target sleef
[ 17%] Built target FoldNCNNBatchNorm
[ 19%] Built target NCNNImporter
[ 19%] Built target NCNNToTosa
[ 19%] Built target GenerateCAPI
[ 19%] Built target NCNNToFunc
[ 19%] Built target NormalizeNCNN
[ 19%] Built target ncnn-compile
[ 19%] Built target ncnn-mlir-driver
[ 19%] Built target NCNNPipelines
[ 20%] Built target ncnn-mlir-opt
[ 20%] Built target compile_convolution_int8_term1
[ 20%] Built target compile_pp_uvdoc_dynamic
[ 21%] Built target compile_pp_lcnet_x1_0_textline_ori_int8_dynamic
[ 21%] Built target compile_pp_lcnet_x1_0_doc_ori_int8_backbone_dynamic
[ 88%] Built target ncnn
[ 88%] Built target compile_pp_lcnet_x1_0_textline_ori_int8_backbone_dynamic
[ 88%] Built target compile_pp_lcnet_x1_0_doc_ori_int8_dynamic
[ 88%] Built target compile_convolution_int8_term2
[ 88%] Built target numerical_test_support
[ 88%] Built target compile_convolution_int8_term101
[ 88%] Built target compile_convolution_int8_term102
[ 88%] Built target compile_depthwise_int8_term1
[ 89%] Built target compile_depthwise_int8_term2
[ 89%] Built target compile_depthwise_int8_term101
[ 89%] Built target compile_depthwise_int8_term102
[ 89%] Built target compile_inner_product_int8_term1
[ 89%] Built target compile_inner_product_int8_term2
[ 89%] Built target compile_gemm_int8_term2
[ 89%] Built target compile_int8_complete_chain
[ 89%] Built target compile_convolution_scalar
[ 89%] Built target compile_convolution_vector_fixed
[ 89%] Built target compile_convolution_winograd
[ 89%] Built target compile_convolution_no_bias
[ 89%] Built target compile_convolution_dilated
[ 89%] Built target compile_convolution_asymmetric
[ 89%] Built target compile_convolution_asymmetric_stride
[ 89%] Built target compile_convolution_same_upper
[ 89%] Built target compile_convolution_same_lower
[ 89%] Built target compile_convolution_fp16_storage
[ 89%] Built target compile_convolution_depthwise
[ 89%] Built target compile_convolution_depthwise_fp16_storage
[ 89%] Built target compile_convolution_depthwise_7x7
[ 89%] Built target compile_convolution_depthwise_9x9
[ 91%] Built target compile_convolution_depthwise_asymmetric
[ 91%] Built target compile_convolution_depthwise_same_upper
[ 91%] Built target compile_convolution_depthwise_same_lower
[ 91%] Built target compile_hard_sigmoid
[ 91%] Built target compile_hard_swish
[ 92%] Built target compile_gelu
[ 92%] Built target compile_reshape
[ 92%] Built target compile_reshape_copy_dimension
[ 92%] Built target compile_squeeze
[ 92%] Built target compile_batch_norm
[ 92%] Built target compile_expand_dims
[ 92%] Built target compile_permute
[ 92%] Built target compile_gemm
[ 92%] Built target compile_binary_mul_scalar
[ 92%] Built target compile_binary_mul_channel
[ 92%] Built target compile_binary_mul_reverse_broadcast
[ 92%] Built target compile_binary_add
[ 92%] Built target compile_inner_product
[ 92%] Built target compile_inner_product_fused_relu
[ 92%] Built target compile_shuffle_channel
[ 92%] Built target compile_shuffle_channel_reverse
[ 92%] Built target compile_slice
[ 92%] Built target compile_reduction_mean
[ 92%] Built target compile_reduction_mean_keepdims_coeff
[ 92%] Built target compile_relu_scalar
[ 92%] Built target compile_relu_leaky
[ 92%] Built target compile_pooling_scalar
[ 92%] Built target compile_pooling_average
[ 92%] Built target compile_pooling_asymmetric
[ 92%] Built target compile_pooling_global_max
[ 93%] Built target compile_pooling_global_average
[ 93%] Built target compile_pooling_global_max_ignored_params
[ 93%] Built target compile_pooling_global_average_ignored_params
[ 93%] Built target compile_pooling_same_upper
[ 93%] Built target compile_pooling_same_lower
[ 93%] Built target compile_pooling_tail
[ 93%] Built target compile_split_scalar
[ 93%] Built target compile_split_three
[ 93%] Built target compile_concat_scalar
[ 93%] Built target compile_concat_height
[ 93%] Built target compile_concat_width
[ 93%] Built target compile_concat_negative_channel
[ 94%] Built target compile_concat_negative_height
[ 94%] Built target compile_concat_negative_width
[ 94%] Built target compile_dropout_scalar
[ 94%] Built target compile_softmax_scalar
[ 94%] Built target compile_softmax_channel
[ 94%] Built target compile_softmax_height
[ 94%] Built target compile_softmax_width
[ 94%] Built target compile_softmax_negative_channel
[ 94%] Built target compile_softmax_negative_height
[ 95%] Built target compile_softmax_negative_width
[ 95%] Built target compile_padding
[ 95%] Built target compile_padding_four_sides
[ 95%] Built target compile_padding_identity
[ 95%] Built target compile_interp
[ 95%] Built target compile_interp_asymmetric
[ 96%] Built target compile_interp_explicit_target
[ 96%] Built target compile_interp_identity
[ 96%] Built target compile_interp_eightfold
[ 96%] Built target compile_deconvolution
[ 96%] Built target compile_deconvolution_no_bias
[ 96%] Built target compile_deconvolution_tiny_head
[ 96%] Built target compile_sigmoid
[ 96%] Built target compile_squeezenet_v1_1
[ 96%] Built target compile_pp_lcnet_x1_0_doc_ori
[ 96%] Built target compile_pp_lcnet_x1_0_doc_ori_dynamic
[ 96%] Built target compile_pp_lcnet_x1_0_textline_ori
[ 96%] Built target compile_pp_lcnet_x1_0_textline_ori_dynamic
[ 96%] Built target compile_chineseocr_lite_anglenet
[ 96%] Built target compile_chineseocr_lite_anglenet_dynamic
[ 96%] Built target compile_pp_ocrv6_tiny_rec
[ 96%] Built target compile_pp_ocrv6_tiny_rec_dynamic
[ 96%] Built target compile_pp_ocrv6_tiny_rec_int8
[ 96%] Built target compile_pp_ocrv6_tiny_rec_int8_dynamic
[ 96%] Built target compile_pp_ocrv5_mobile_rec
[ 96%] Built target compile_pp_ocrv5_mobile_rec_dynamic
[ 96%] Built target compile_pp_ocrv5_mobile_rec_int8
[ 96%] Built target compile_pp_ocrv5_mobile_rec_int8_dynamic
[ 96%] Built target compile_pp_ocrv6_tiny_det
[ 96%] Built target compile_pp_ocrv6_tiny_det_dynamic
[ 96%] Built target compile_pp_ocrv6_tiny_det_int8
[ 96%] Built target compile_pp_ocrv6_tiny_det_int8_dynamic
[ 96%] Built target compile_pp_ocrv6_small_det
[ 96%] Built target compile_pp_ocrv6_small_det_dynamic
[ 96%] Built target compile_pp_ocrv6_small_det_int8
[ 96%] Built target compile_pp_ocrv6_small_det_int8_dynamic
[ 97%] Built target compile_pp_ocrv6_medium_det
[ 97%] Built target compile_pp_ocrv6_medium_det_dynamic
[ 97%] Built target compile_pp_ocrv5_mobile_det_static
[ 97%] Built target compile_pp_ocrv6_medium_det_int8
[ 97%] Built target compile_pp_ocrv5_mobile_det_dynamic
[ 97%] Built target compile_pp_ocrv6_medium_det_int8_dynamic
[ 97%] Built target compile_pp_ocrv5_mobile_det_int8
[ 97%] Built target compile_pp_ocrv5_mobile_det_int8_dynamic
[ 97%] Built target compile_pp_ocrv5_server_det_static
[ 97%] Built target compile_pp_ocrv5_server_det_dynamic
[ 97%] Built target compile_pp_structrurev2_slanet_plus_cnn
[ 97%] Built target compile_pp_structrurev2_slanet_plus_slahead
[ 97%] Built target compile_pp_formulanet_plus_s_encoder
[ 97%] Built target compile_pp_formulanet_plus_s_embed
[ 98%] Built target compile_pp_formulanet_plus_s_decoder
[ 98%] Built target compile_pp_ocrv5_server_rec
[ 98%] Built target compile_pp_ocrv5_server_rec_dynamic
[ 98%] Built target compile_pp_ocrv6_medium_rec
[ 98%] Built target compile_pp_ocrv6_medium_rec_dynamic
[ 98%] Built target compile_pp_ocrv6_small_rec
[100%] Built target compile_pp_ocrv6_small_rec_dynamic
[100%] Built target compile_pp_ocrv6_small_rec_int8
[100%] Built target compile_pp_ocrv6_small_rec_int8_dynamic
[100%] Built target compile_pp_ocrv6_medium_rec_int8
[100%] Built target compile_pp_ocrv6_medium_rec_int8_dynamic
[100%] Built target numerical_dynamic_tests
