Internal ctest changing into directory: /tmp/ncnn-compiler-stage-p20-final-3-20260921
Test project /tmp/ncnn-compiler-stage-p20-final-3-20260921
      Start   2: perf-json-summary
 1/51 Test   #2: perf-json-summary ..............................   Passed    0.69 sec
      Start   3: perf-attribution
 2/51 Test   #3: perf-attribution ...............................   Passed    1.56 sec
      Start   4: profile-runtime
 3/51 Test   #4: profile-runtime ................................   Passed    0.59 sec
      Start   7: fp16-arithmetic-codegen
 4/51 Test   #7: fp16-arithmetic-codegen ........................   Passed    2.34 sec
      Start 400: PerformanceModel.SqueezeNetV11
 5/51 Test #400: PerformanceModel.SqueezeNetV11 .................   Passed    3.28 sec
      Start 401: PerformanceModel.ResNet18
 6/51 Test #401: PerformanceModel.ResNet18 ......................   Passed    9.90 sec
      Start 402: PerformanceModel.ResNet18Winograd
 7/51 Test #402: PerformanceModel.ResNet18Winograd ..............   Passed   14.33 sec
      Start 403: PerformanceModel.ResNet34
 8/51 Test #403: PerformanceModel.ResNet34 ......................   Passed   16.45 sec
      Start 404: PerformanceModel.ResNet50
 9/51 Test #404: PerformanceModel.ResNet50 ......................   Passed    6.19 sec
      Start 405: PerformanceModel.ResNet101
10/51 Test #405: PerformanceModel.ResNet101 .....................   Passed    5.01 sec
      Start 406: PerformanceModel.Yolov5nCls
11/51 Test #406: PerformanceModel.Yolov5nCls ....................   Passed    0.40 sec
      Start 407: PerformanceModel.Yolov5sCls
12/51 Test #407: PerformanceModel.Yolov5sCls ....................   Passed    0.70 sec
      Start 408: PerformanceModel.Yolov5mCls
13/51 Test #408: PerformanceModel.Yolov5mCls ....................   Passed    1.54 sec
      Start 409: PerformanceModel.Yolov5lCls
14/51 Test #409: PerformanceModel.Yolov5lCls ....................   Passed    3.20 sec
      Start 410: PerformanceModel.Yolov5xCls
15/51 Test #410: PerformanceModel.Yolov5xCls ....................   Passed    5.34 sec
      Start 411: PerformanceModel.Yolov5nDet
16/51 Test #411: PerformanceModel.Yolov5nDet ....................   Passed    1.95 sec
      Start 412: PerformanceModel.Yolov5sDet
17/51 Test #412: PerformanceModel.Yolov5sDet ....................   Passed    3.73 sec
      Start 413: PerformanceModel.Yolov5mDet
18/51 Test #413: PerformanceModel.Yolov5mDet ....................   Passed    8.12 sec
      Start 414: PerformanceModel.Yolov5lDet
19/51 Test #414: PerformanceModel.Yolov5lDet ....................   Passed   62.70 sec
      Start 415: PerformanceModel.Yolov5xDet
20/51 Test #415: PerformanceModel.Yolov5xDet ....................   Passed   94.64 sec
      Start 416: PerformanceModel.EfficientNetB0
21/51 Test #416: PerformanceModel.EfficientNetB0 ................   Passed    4.35 sec
      Start 417: PerformanceModel.EfficientNetB1
22/51 Test #417: PerformanceModel.EfficientNetB1 ................   Passed    5.17 sec
      Start 418: PerformanceModel.EfficientNetB2
23/51 Test #418: PerformanceModel.EfficientNetB2 ................   Passed    5.62 sec
      Start 419: PerformanceModel.EfficientNetB3
24/51 Test #419: PerformanceModel.EfficientNetB3 ................   Passed    8.94 sec
      Start 420: PerformanceModel.PPLCNetDocOri
25/51 Test #420: PerformanceModel.PPLCNetDocOri .................   Passed    0.86 sec
      Start 421: PerformanceModel.PPLCNetTextlineOri
26/51 Test #421: PerformanceModel.PPLCNetTextlineOri ............   Passed    1.00 sec
      Start 422: PerformanceModel.ChineseOCRLiteAngleNet
27/51 Test #422: PerformanceModel.ChineseOCRLiteAngleNet ........   Passed    0.35 sec
      Start 423: PerformanceModel.Yolov5nSeg
28/51 Test #423: PerformanceModel.Yolov5nSeg ....................   Passed    4.67 sec
      Start 424: PerformanceModel.Yolov5sSeg
29/51 Test #424: PerformanceModel.Yolov5sSeg ....................   Passed    8.11 sec
      Start 425: PerformanceModel.Yolov5mSeg
30/51 Test #425: PerformanceModel.Yolov5mSeg ....................   Passed   14.95 sec
      Start 426: PerformanceModel.Yolov5lSeg
31/51 Test #426: PerformanceModel.Yolov5lSeg ....................   Passed   26.85 sec
      Start 427: PerformanceModel.Yolov5xSeg
32/51 Test #427: PerformanceModel.Yolov5xSeg ....................   Passed   37.53 sec
      Start 428: PerformanceModel.PPLCNetDocOriInt8
33/51 Test #428: PerformanceModel.PPLCNetDocOriInt8 .............***Skipped   0.00 sec
      Start 429: PerformanceModel.PPLCNetTextlineOriInt8
34/51 Test #429: PerformanceModel.PPLCNetTextlineOriInt8 ........***Skipped   0.00 sec
      Start 430: PerformanceModel.PPOcrv6TinyRec
35/51 Test #430: PerformanceModel.PPOcrv6TinyRec ................   Passed    0.53 sec
      Start 431: PerformanceModel.PPOcrv6TinyRecInt8
36/51 Test #431: PerformanceModel.PPOcrv6TinyRecInt8 ............   Passed    0.59 sec
      Start 432: PerformanceModel.PPOcrv5MobileRec
37/51 Test #432: PerformanceModel.PPOcrv5MobileRec ..............   Passed    2.16 sec
      Start 433: PerformanceModel.PPOcrv5MobileRecInt8
38/51 Test #433: PerformanceModel.PPOcrv5MobileRecInt8 ..........   Passed    2.27 sec
      Start 434: PerformanceModel.PPOcrv5ServerRec
39/51 Test #434: PerformanceModel.PPOcrv5ServerRec ..............   Passed  303.61 sec
      Start 435: PerformanceModel.PPOcrv6MediumRec
40/51 Test #435: PerformanceModel.PPOcrv6MediumRec ..............   Passed    5.02 sec
      Start 436: PerformanceModel.PPOcrv6MediumRecInt8
41/51 Test #436: PerformanceModel.PPOcrv6MediumRecInt8 ..........   Passed    5.00 sec
      Start 437: PerformanceModel.PPOcrv6SmallRec
42/51 Test #437: PerformanceModel.PPOcrv6SmallRec ...............   Passed    1.59 sec
      Start 438: PerformanceModel.PPOcrv6SmallRecInt8
43/51 Test #438: PerformanceModel.PPOcrv6SmallRecInt8 ...........   Passed    1.78 sec
      Start 439: PerformanceModel.PPOcrv6TinyDet
44/51 Test #439: PerformanceModel.PPOcrv6TinyDet ................   Passed    2.84 sec
      Start 440: PerformanceModel.PPOcrv6SmallDet
45/51 Test #440: PerformanceModel.PPOcrv6SmallDet ...............   Passed    5.02 sec
      Start 441: PerformanceModel.PPOcrv6MediumDet
46/51 Test #441: PerformanceModel.PPOcrv6MediumDet ..............   Passed   19.35 sec
      Start 442: PerformanceModel.PPOcrv6MediumDetInt8
47/51 Test #442: PerformanceModel.PPOcrv6MediumDetInt8 ..........   Passed    0.41 sec
      Start 443: PerformanceModel.PPOcrv5MobileDetStatic
48/51 Test #443: PerformanceModel.PPOcrv5MobileDetStatic ........   Passed    4.57 sec
      Start 444: PerformanceModel.PPOcrv5ServerDetStatic
49/51 Test #444: PerformanceModel.PPOcrv5ServerDetStatic ........   Passed  254.74 sec
      Start 445: PerformanceModel.PPStructrureV2SlanetPlusCnn
50/51 Test #445: PerformanceModel.PPStructrureV2SlanetPlusCnn ...   Passed    3.68 sec
      Start 446: PerformanceModel.PPFormulaNetPlusSEncoder
51/51 Test #446: PerformanceModel.PPFormulaNetPlusSEncoder ......   Passed   17.08 sec

100% tests passed, 0 tests failed out of 51

Label Time Summary:
integration    =   2.34 sec*proc (1 test)
native         =   2.34 sec*proc (1 test)
performance    = 991.30 sec*proc (51 tests)
precision      =   2.34 sec*proc (1 test)
runtime        =   0.59 sec*proc (1 test)
tooling        =   2.84 sec*proc (3 tests)

Total Test time (real) = 991.36 sec

The following tests did not run:
	428 - PerformanceModel.PPLCNetDocOriInt8 (Skipped)
	429 - PerformanceModel.PPLCNetTextlineOriInt8 (Skipped)
